#0 building with "desktop-linux" instance using docker driver

#1 [internal] load build definition from Dockerfile
#1 transferring dockerfile: 334B done
#1 DONE 0.0s

#2 [internal] load metadata for docker.io/library/node@sha256:4a55308cc855cba1a925d19ae4e45838741dad2fd7bb8949a93b2a0f2ae339e3
#2 DONE 0.0s

#3 [internal] load .dockerignore
#3 transferring context: 162B done
#3 DONE 0.0s

#4 [internal] load build context
#4 transferring context: 59.75kB 0.1s done
#4 DONE 0.1s

#5 [1/5] FROM docker.io/library/node@sha256:4a55308cc855cba1a925d19ae4e45838741dad2fd7bb8949a93b2a0f2ae339e3
#5 resolve docker.io/library/node@sha256:4a55308cc855cba1a925d19ae4e45838741dad2fd7bb8949a93b2a0f2ae339e3 0.0s done
#5 DONE 0.1s

#6 [3/5] COPY package.json package-lock.json ./
#6 CACHED

#7 [4/5] RUN npm ci --omit=dev && npm cache clean --force
#7 CACHED

#8 [2/5] WORKDIR /app/server
#8 CACHED

#9 [5/5] COPY . .
#9 CACHED

#10 exporting to image
#10 exporting layers done
#10 exporting manifest sha256:7843c3ddff78039d331e4d4e66722d32095fe5b361aebc2c8b4d07b2f9e07a46 done
#10 exporting config sha256:11d0c6f6cc59d114d3f6f7f647632dc04dc77fd2eda029725264d298e3064522 done
#10 exporting attestation manifest sha256:135402f8babbb428bf1354914173844bd64ceec3c8d300573b59cf7217749aa1
#10 exporting attestation manifest sha256:135402f8babbb428bf1354914173844bd64ceec3c8d300573b59cf7217749aa1 0.0s done
#10 exporting manifest list sha256:601076e08db0c4fb3988c97a60b522c4ed4179b54d94baa7648cae81decf234f 0.0s done
#10 naming to docker.io/fedops-local/backend:task-onprem-20260916 done
#10 unpacking to docker.io/fedops-local/backend:task-onprem-20260916 0.0s done
#10 DONE 0.1s
